C51 COMPILER V9.51   LIN_1_INT                                                             12/14/2013 00:57:45 PAGE 1   


C51 COMPILER V9.51, COMPILATION OF MODULE LIN_1_INT
OBJECT MODULE PLACED IN .\DP8051\DP8051_Keil_951\Debug\LIN_1_INT.obj
COMPILER INVOKED BY: C:\Program Files\Cypress\PSoC Creator\3.0\PSoC Creator\import\keil\pk51\9.51\C51\BIN\c51.exe .\Gene
                    -rated_Source\PSoC3\LIN_1_INT.c NOIV LARGE MODDP2 OMF2 VB(1) PR(.\DP8051\DP8051_Keil_951\Debug\LIN_1_INT.lst) CD DB NOIP 
                    -OT(2,SIZE) DF(DEBUG) INCDIR(.,.\Generated_Source\PSoC3) OJ(.\DP8051\DP8051_Keil_951\Debug\LIN_1_INT.obj)

line level    source

   1          /*******************************************************************************
   2          * File Name: LIN_1_INT.c
   3          * Version 1.30
   4          *
   5          * Description:
   6          *  This file contains the code that operates during the interrupt service
   7          *  routine.
   8          *
   9          ********************************************************************************
  10          * Copyright 2011-2013, Cypress Semiconductor Corporation.  All rights reserved.
  11          * You may use this file only in accordance with the license, terms, conditions,
  12          * disclaimers, and limitations in the end user license agreement accompanying
  13          * the software package with which this file was provided.
  14          *******************************************************************************/
  15          
  16          #include "LIN_1.h"
  17          
  18          CY_ISR(LIN_1_BLIN_ISR)
  19          {
  20   1          l_ifc_aux_LIN_1();
  21   1      }
  22          
  23          
  24          CY_ISR(LIN_1_UART_ISR)
  25          {
  26   1          l_ifc_rx_LIN_1();
  27   1      }
  28          
  29          
  30          /* [] END OF FILE */
C51 COMPILER V9.51   LIN_1_INT                                                             12/14/2013 00:57:45 PAGE 2   

ASSEMBLY LISTING OF GENERATED OBJECT CODE


             ; FUNCTION LIN_1_BLIN_ISR (BEGIN)
0000 C0E0              PUSH    ACC
0002 C0F0              PUSH    B
0004 C083              PUSH    DPH
0006 C082              PUSH    DPL
0008 C085              PUSH    DPH1
000A C084              PUSH    DPL1
000C C086              PUSH    DPS
000E 758600            MOV     DPS,#00H
0011 C000        E     PUSH    ?C?XPAGE1SFR
0013 750000      E     MOV     ?C?XPAGE1SFR,#?C?XPAGE1RST
0016 C0D0              PUSH    PSW
0018 75D000            MOV     PSW,#00H
001B C000              PUSH    AR0
001D C001              PUSH    AR1
001F C002              PUSH    AR2
0021 C003              PUSH    AR3
0023 C004              PUSH    AR4
0025 C005              PUSH    AR5
0027 C006              PUSH    AR6
0029 C007              PUSH    AR7
                                           ; SOURCE LINE # 18
                                           ; SOURCE LINE # 20
002B 120000      E     LCALL   l_ifc_aux_LIN_1
                                           ; SOURCE LINE # 21
002E D007              POP     AR7
0030 D006              POP     AR6
0032 D005              POP     AR5
0034 D004              POP     AR4
0036 D003              POP     AR3
0038 D002              POP     AR2
003A D001              POP     AR1
003C D000              POP     AR0
003E D0D0              POP     PSW
0040 D000        E     POP     ?C?XPAGE1SFR
0042 D086              POP     DPS
0044 D084              POP     DPL1
0046 D085              POP     DPH1
0048 D082              POP     DPL
004A D083              POP     DPH
004C D0F0              POP     B
004E D0E0              POP     ACC
0050 32                RETI    
             ; FUNCTION LIN_1_BLIN_ISR (END)

             ; FUNCTION LIN_1_UART_ISR (BEGIN)
0000 C0E0              PUSH    ACC
0002 C0F0              PUSH    B
0004 C083              PUSH    DPH
0006 C082              PUSH    DPL
0008 C085              PUSH    DPH1
000A C084              PUSH    DPL1
000C C086              PUSH    DPS
000E 758600            MOV     DPS,#00H
0011 C000        E     PUSH    ?C?XPAGE1SFR
0013 750000      E     MOV     ?C?XPAGE1SFR,#?C?XPAGE1RST
0016 C0D0              PUSH    PSW
0018 75D000            MOV     PSW,#00H
001B C000              PUSH    AR0
C51 COMPILER V9.51   LIN_1_INT                                                             12/14/2013 00:57:45 PAGE 3   

001D C001              PUSH    AR1
001F C002              PUSH    AR2
0021 C003              PUSH    AR3
0023 C004              PUSH    AR4
0025 C005              PUSH    AR5
0027 C006              PUSH    AR6
0029 C007              PUSH    AR7
                                           ; SOURCE LINE # 24
                                           ; SOURCE LINE # 26
002B 120000      E     LCALL   l_ifc_rx_LIN_1
                                           ; SOURCE LINE # 27
002E D007              POP     AR7
0030 D006              POP     AR6
0032 D005              POP     AR5
0034 D004              POP     AR4
0036 D003              POP     AR3
0038 D002              POP     AR2
003A D001              POP     AR1
003C D000              POP     AR0
003E D0D0              POP     PSW
0040 D000        E     POP     ?C?XPAGE1SFR
0042 D086              POP     DPS
0044 D084              POP     DPL1
0046 D085              POP     DPH1
0048 D082              POP     DPL
004A D083              POP     DPH
004C D0F0              POP     B
004E D0E0              POP     ACC
0050 32                RETI    
             ; FUNCTION LIN_1_UART_ISR (END)



MODULE INFORMATION:   STATIC OVERLAYABLE
   CODE SIZE        =    162    ----
   CONSTANT SIZE    =   ----    ----
   XDATA SIZE       =   ----    ----
   PDATA SIZE       =   ----    ----
   DATA SIZE        =   ----    ----
   IDATA SIZE       =   ----    ----
   BIT SIZE         =   ----    ----
   EDATA SIZE       =   ----    ----
   HDATA SIZE       =   ----    ----
   XDATA CONST SIZE =   ----    ----
   FAR CONST SIZE   =   ----    ----
END OF MODULE INFORMATION.


C51 COMPILATION COMPLETE.  0 WARNING(S),  0 ERROR(S)
