******************************************************************************
                  TMS470 Linker PC v4.9.5                      
******************************************************************************
>> Linked Mon May 20 19:34:08 2013

OUTPUT FILE NAME:   <rgb_prpr.out>
ENTRY POINT SYMBOL: "_c_int00"  address: 00001c29


MEMORY CONFIGURATION

         name            origin    length      used     unused   attr    fill
----------------------  --------  ---------  --------  --------  ----  --------
  FLASH                 00000000   00040000  00002628  0003d9d8  R  X
  SRAM                  20000000   00008000  00000f43  000070bd  RW X


SEGMENT ALLOCATION MAP

run origin  load origin   length   init length attrs members
----------  ----------- ---------- ----------- ----- -------
00000000    00000000    00002628   00002628    r-x
  00000000    00000000    0000026c   0000026c    r-- .intvecs
  0000026c    0000026c    0000205c   0000205c    r-x .text
  000022c8    000022c8    00000288   00000288    r-- .const
  00002550    00002550    000000d8   000000d8    r-- .cinit
20000000    20000000    00000d70   00000000    rw-
  20000000    20000000    00000800   00000000    rw- .stack
  20000800    20000800    00000570   00000000    rw- .bss
20000d70    20000d70    000001d3   000001d3    rw-
  20000d70    20000d70    000001d3   000001d3    rw- .data


SECTION ALLOCATION MAP

 output                                  attributes/
section   page    origin      length       input sections
--------  ----  ----------  ----------   ----------------
.intvecs   0    00000000    0000026c     
                  00000000    0000026c     startup_ccs.obj (.intvecs)

.init_array 
*          0    00000000    00000000     UNINITIALIZED

.text      0    0000026c    0000205c     
                  0000026c    000002f8     qs-rgb.obj (.text:main)
                  00000564    0000023e     uartstdio.obj (.text:UARTprintf)
                  000007a2    00000002     startup_ccs.obj (.text:FaultISR)
                  000007a4    000001d8     driverlib-cm4f.lib : sysctl.obj (.text:SysCtlClockGet)
                  0000097c    00000180     rtsv7M4_T_le_v4SPD16_eabi.lib : xfsin.obj (.text)
                  00000afc    0000015c     uartstdio.obj (.text:UARTStdioIntHandler)
                  00000c58    00000124     rtsv7M4_T_le_v4SPD16_eabi.lib : fmodf.obj (.text)
                  00000d7c    000000f8     qs-rgb.obj (.text:AppButtonHandler)
                  00000e74    000000f8     qs-rgb.obj (.text:AppRainbow)
                  00000f6c    000000c8     driverlib-cm4f.lib : gpio.obj (.text:GPIOPadConfigSet)
                  00001034    000000c0     rtsv7M4_T_le_v4SPD16_eabi.lib : xfdscale.obj (.text)
                  000010f4    000000a4     uartstdio.obj (.text:UARTStdioConfig)
                  00001198    000000a4     ustdlib.obj (.text:ustrtoul)
                  0000123c    0000009c     rtsv7M4_T_le_v4SPD16_eabi.lib : memcpy_t2.obj (.text)
                  000012d8    00000098     rgb.obj (.text:RGBInit)
                  00001370    00000094     uartstdio.obj (.text:UARTwrite)
                  00001404    00000094     rtsv7M4_T_le_v4SPD16_eabi.lib : auto_init.obj (.text)
                  00001498    0000008c     rgb.obj (.text:RGBEnable)
                  00001524    00000080     rgb.obj (.text:RGBColorSet)
                  000015a4    00000080     uartstdio.obj (.text:UARTPrimeTransmit)
                  00001624    0000007e     rtsv7M4_T_le_v4SPD16_eabi.lib : fd_cmp_t2.obj (.text)
                  000016a2    0000007c                                   : xfdnorm.obj (.text)
                  0000171e    00000002     startup_ccs.obj (.text:IntDefaultHandler)
                  00001720    00000078     qs-rgb.obj (.text:AppHibernateEnter)
                  00001798    00000078     qs-rgb.obj (.text:SysTickIntHandler)
                  00001810    00000070     rgb_commands.obj (.text:CMD_oppai)
                  00001880    0000006c     buttons.obj (.text:ButtonsPoll)
                  000018ec    00000060     buttons.obj (.text:ButtonsInit)
                  0000194c    00000060     cmdline.obj (.text:CmdLineProcess)
                  000019ac    0000005e     rtsv7M4_T_le_v4SPD16_eabi.lib : copy_decompress_rle.obj (.text)
                  00001a0a    00000002     startup_ccs.obj (.text:NmiSR)
                  00001a0c    00000058     driverlib-cm4f.lib : sysctl.obj (.text:SysCtlPeripheralEnable)
                  00001a64    00000050     uartstdio.obj (.text:UARTgets)
                  00001ab4    0000004c     driverlib-cm4f.lib : hibernate.obj (.text:HibernateEnableExpClk)
                  00001b00    0000004c     rgb.obj (.text:RGBDisable)
                  00001b4c    0000004c     rtsv7M4_T_le_v4SPD16_eabi.lib : cpy_tbl.obj (.text)
                  00001b98    00000048     rgb_commands.obj (.text:CMD_nadeko)
                  00001be0    00000048     driverlib-cm4f.lib : gpio.obj (.text:GPIOPinConfigure)
                  00001c28    00000048     rtsv7M4_T_le_v4SPD16_eabi.lib : boot.obj (.text)
                  00001c70    00000044     uartstdio.obj (.text:UARTPeek)
                  00001cb4    00000044     rtsv7M4_T_le_v4SPD16_eabi.lib : exit.obj (.text)
                  00001cf8    00000042                                   : u_divt2.obj (.text)
                  00001d3a    00000002     --HOLE-- [fill = 0]
                  00001d3c    00000040     rgb_commands.obj (.text:CMD_help)
                  00001d7c    00000040     rtsv7M4_T_le_v4SPD16_eabi.lib : signal.obj (.text)
                  00001dbc    0000003c     rgb_commands.obj (.text:CMD_intensity)
                  00001df8    0000003c     rgb_commands.obj (.text:CMD_rgb)
                  00001e34    00000038     driverlib-cm4f.lib : hibernate.obj (.text:HibernateWriteComplete)
                  00001e6c    00000038     uartstdio.obj (.text:UARTFlushTx)
                  00001ea4    00000038     rtsv7M4_T_le_v4SPD16_eabi.lib : fs_tod_t2.obj (.text)
                  00001edc    00000034                                   : feraiseexcept.obj (.text)
                  00001f10    00000034                                   : xfdtest.obj (.text)
                  00001f44    00000030                                   : xferaise.obj (.text)
                  00001f74    0000002e     driverlib-cm4f.lib : gpio.obj (.text:GPIODirModeSet)
                  00001fa2    0000002e     rtsv7M4_T_le_v4SPD16_eabi.lib : raise.obj (.text)
                  00001fd0    0000002c     uartstdio.obj (.text:UARTFlushRx)
                  00001ffc    00000028     driverlib-cm4f.lib : hibernate.obj (.text:HibernateDataSet)
                  00002024    00000024                        : hibernate.obj (.text:HibernateIntStatus)
                  00002048    00000020     uartstdio.obj (.text:UARTStdioInit)
                  00002068    0000001c     driverlib-cm4f.lib : hibernate.obj (.text:HibernateDataGet)
                  00002084    00000018     rtsv7M4_T_le_v4SPD16_eabi.lib : _lock.obj (.text)
                  0000209c    00000018                                   : args_main.obj (.text)
                  000020b4    00000018                                   : strcmp.obj (.text)
                  000020cc    00000014     uartstdio.obj (.text:GetBufferCount)
                  000020e0    00000014     driverlib-cm4f.lib : hibernate.obj (.text:HibernateGPIORetentionEnable)
                  000020f4    00000014                        : hibernate.obj (.text:HibernateIntClear)
                  00002108    00000014                        : hibernate.obj (.text:HibernateRTCEnable)
                  0000211c    00000014                        : hibernate.obj (.text:HibernateRequest)
                  00002130    00000014                        : hibernate.obj (.text:HibernateWakeSet)
                  00002144    00000014     rgb.obj (.text:RGBIntensitySet)
                  00002158    00000014     driverlib-cm4f.lib : sysctl.obj (.text:SysCtlResetCauseClear)
                  0000216c    00000014                        : systick.obj (.text:SysTickEnable)
                  00002180    00000014                        : systick.obj (.text:SysTickIntEnable)
                  00002194    00000014                        : timer.obj (.text:TimerDisable)
                  000021a8    00000012                        : gpio.obj (.text:GPIOPinTypeGPIOInput)
                  000021ba    00000012                        : gpio.obj (.text:GPIOPinTypeGPIOOutput)
                  000021cc    00000012                        : gpio.obj (.text:GPIOPinTypeTimer)
                  000021de    00000012                        : timer.obj (.text:TimerMatchSet)
                  000021f0    00000012     rtsv7M4_T_le_v4SPD16_eabi.lib : copy_zero_init.obj (.text:decompress:ZI)
                  00002202    00000002     --HOLE-- [fill = 0]
                  00002204    00000010     rgb_commands.obj (.text:CMD_rand)
                  00002214    00000010     driverlib-cm4f.lib : hibernate.obj (.text:HibernateIsActive)
                  00002224    00000010                        : hibernate.obj (.text:HibernateRTCMatch0Set)
                  00002234    00000010                        : hibernate.obj (.text:HibernateRTCSet)
                  00002244    00000010                        : systick.obj (.text:SysTickPeriodSet)
                  00002254    0000000e                        : timer.obj (.text:TimerEnable)
                  00002262    0000000e     rtsv7M4_T_le_v4SPD16_eabi.lib : copy_decompress_none.obj (.text:decompress:none)
                  00002270    0000000c     driverlib-cm4f.lib : cpu.obj (.text:CPUcpsie)
                  0000227c    0000000c                        : sysctl.obj (.text:SysCtlResetCauseGet)
                  00002288    0000000a     rgb_commands.obj (.text:CMD_hib)
                  00002292    0000000a     driverlib-cm4f.lib : gpio.obj (.text:GPIOPinRead)
                  0000229c    0000000a                        : gpio.obj (.text:GPIOPinWrite)
                  000022a6    0000000a                        : interrupt.obj (.text:IntMasterEnable)
                  000022b0    00000006     startup_ccs.obj (.text:ResetISR)
                  000022b6    00000006     driverlib-cm4f.lib : sysctl.obj (.text:SysCtlDelay)
                  000022bc    00000006     rtsv7M4_T_le_v4SPD16_eabi.lib : copy_decompress_rle.obj (.text:decompress:rle24)
                  000022c2    00000006                                   : sinf.obj (.text)

.const     0    000022c8    00000288     
                  000022c8    00000112     rgb_commands.obj (.const:.string)
                  000023da    00000002     --HOLE-- [fill = 0]
                  000023dc    00000078     driverlib-cm4f.lib : gpio.obj (.const:g_pulGPIOBaseAddrs)
                  00002454    0000006c                        : sysctl.obj (.const:g_pulXtals)
                  000024c0    00000040                        : sysctl.obj (.const)
                  00002500    00000028     rtsv7M4_T_le_v4SPD16_eabi.lib : xfsin.obj (.const)
                  00002528    00000028     uartstdio.obj (.const)

.cinit     0    00002550    000000d8     
                  00002550    000000b2     (.cinit..data.load) [load image, compression = rle]
                  00002602    00000002     --HOLE-- [fill = 0]
                  00002604    0000000c     (__TI_handler_table)
                  00002610    00000008     (.cinit..bss.load) [load image, compression = zero_init]
                  00002618    00000010     (__TI_cinit_table)

.stack     0    20000000    00000800     UNINITIALIZED
                  20000000    00000800     --HOLE--

.bss       0    20000800    00000570     UNINITIALIZED
                  20000800    00000400     uartstdio.obj (.bss:g_pcUARTTxBuffer)
                  20000c00    00000080     qs-rgb.obj (.bss:g_cInput)
                  20000c80    00000080     uartstdio.obj (.bss:g_pcUARTRxBuffer)
                  20000d00    00000024     cmdline.obj (.bss:argv$1)
                  20000d24    00000024     qs-rgb.obj (.bss:g_sAppState)
                  20000d48    00000010     qs-rgb.obj (.bss)
                  20000d58    0000000c     rgb.obj (.bss)
                  20000d64    00000008     uartstdio.obj (.bss)
                  20000d6c    00000004     driverlib-cm4f.lib : hibernate.obj (.bss)

.data      0    20000d70    000001d3     
                  20000d70    000000b0     rtsv7M4_T_le_v4SPD16_eabi.lib : signal.obj (.data:sigtable)
                  20000e20    00000068                                   : xfvalues.obj (.data)
                  20000e88    00000060     rgb_commands.obj (.data:g_sCmdTable)
                  20000ee8    0000001c     qs-rgb.obj (.data)
                  20000f04    00000015     uartstdio.obj (.data)
                  20000f19    00000003     --HOLE--
                  20000f1c    00000008     rtsv7M4_T_le_v4SPD16_eabi.lib : _lock.obj (.data)
                  20000f24    00000008                                   : exit.obj (.data)
                  20000f2c    00000008                                   : feraiseexcept.obj (.data)
                  20000f34    00000004     rgb.obj (.data)
                  20000f38    00000004     rtsv7M4_T_le_v4SPD16_eabi.lib : errno.obj (.data)
                  20000f3c    00000004                                   : stkdepth_vars.obj (.data)
                  20000f40    00000003     buttons.obj (.data)


LINKER GENERATED COPY TABLES

__TI_cinit_table @ 00002618 records: 2, size/record: 8, table size: 16
	.data: load addr=00002550, load size=000000b2 bytes, run addr=20000d70, run size=000001d3 bytes, compression=rle
	.bss: load addr=00002610, load size=00000008 bytes, run addr=20000800, run size=00000570 bytes, compression=zero_init


LINKER GENERATED HANDLER TABLE

__TI_handler_table @ 00002604 records: 3, size/record: 4, table size: 12
	index: 0, handler: __TI_decompress_rle24
	index: 1, handler: __TI_decompress_none
	index: 2, handler: __TI_zero_init


GLOBAL SYMBOLS: SORTED ALPHABETICALLY BY Name 

address    name
--------   ----
00000d7d   AppButtonHandler
00001721   AppHibernateEnter
00000e75   AppRainbow
000018ed   ButtonsInit
00001881   ButtonsPoll
00001cb5   C$$EXIT
00001d3d   CMD_help
00002289   CMD_hib
00001dbd   CMD_intensity
00001b99   CMD_nadeko
00001811   CMD_oppai
00002205   CMD_rand
00001df9   CMD_rgb
00002271   CPUcpsie
0000194d   CmdLineProcess
00001f75   GPIODirModeSet
00000f6d   GPIOPadConfigSet
00001be1   GPIOPinConfigure
00002293   GPIOPinRead
000021a9   GPIOPinTypeGPIOInput
000021bb   GPIOPinTypeGPIOOutput
000021cd   GPIOPinTypeTimer
0000229d   GPIOPinWrite
00002069   HibernateDataGet
00001ffd   HibernateDataSet
00001ab5   HibernateEnableExpClk
000020e1   HibernateGPIORetentionEnable
000020f5   HibernateIntClear
00002025   HibernateIntStatus
00002215   HibernateIsActive
00002109   HibernateRTCEnable
00002225   HibernateRTCMatch0Set
00002235   HibernateRTCSet
0000211d   HibernateRequest
00002131   HibernateWakeSet
00001e35   HibernateWriteComplete
000022a7   IntMasterEnable
00001525   RGBColorSet
00001b01   RGBDisable
00001499   RGBEnable
000012d9   RGBInit
00002145   RGBIntensitySet
000022b1   ResetISR
UNDEFED    SHT$$INIT_ARRAY$$Base
UNDEFED    SHT$$INIT_ARRAY$$Limit
000007a5   SysCtlClockGet
000022b7   SysCtlDelay
00001a0d   SysCtlPeripheralEnable
00002159   SysCtlResetCauseClear
0000227d   SysCtlResetCauseGet
0000216d   SysTickEnable
00002181   SysTickIntEnable
00001799   SysTickIntHandler
00002245   SysTickPeriodSet
00002195   TimerDisable
00002255   TimerEnable
000021df   TimerMatchSet
00001fd1   UARTFlushRx
00001e6d   UARTFlushTx
00001c71   UARTPeek
000010f5   UARTStdioConfig
00002049   UARTStdioInit
00000afd   UARTStdioIntHandler
00001a65   UARTgets
00000565   UARTprintf
00001371   UARTwrite
20000f38   _Errno
20000e20   _FDenorm
000016a3   _FDnorm
00001035   _FDscale
00001f11   _FDtest
20000e30   _FEps
20000e40   _FInf
20000e50   _FNan
20000e70   _FRteps
0000097d   _FSin
20000e60   _FSnan
20000e80   _FXbig
20000e84   _FZero
20000f2c   _Fenv
00001f45   _Feraise
20000f30   _Tls_setup__Fenv
20000800   __STACK_END
00000800   __STACK_SIZE
20000800   __STACK_TOP
00002618   __TI_CINIT_Base
00002628   __TI_CINIT_Limit
00002604   __TI_Handler_Table_Base
00002610   __TI_Handler_Table_Limit
00000001   __TI_args_main
00001405   __TI_auto_init
00002263   __TI_decompress_none
000022bd   __TI_decompress_rle24
00000000   __TI_static_base__
000021f1   __TI_zero_init
00001625   __aeabi_cdcmpeq
00001625   __aeabi_cdcmple
00001ea5   __aeabi_f2d
0000123d   __aeabi_memcpy
0000123d   __aeabi_memcpy4
0000123d   __aeabi_memcpy8
00001cf9   __aeabi_uidivmod
ffffffff   __binit__
ffffffff   __c_args__
20000000   __stack
0000209d   _args_main
00001c29   _c_int00
20000f24   _cleanup_ptr
20000f28   _dtors_ptr
20000f1c   _lock
00002091   _nop
0000208b   _register_lock
00002085   _register_unlock
20000f20   _unlock
00001cb9   abort
ffffffff   binit
00001b4d   copy_in
00001cc1   exit
00001edd   feraiseexcept
00000c59   fmodf
00000000   g_pfnVectors
20000d24   g_sAppState
20000e88   g_sCmdTable
0000026d   main
20000f3c   main_func_sp
0000123d   memcpy
00001fa3   raise
00001d7d   signal
000022c3   sinf
000020b5   strcmp
00001199   ustrtoul


GLOBAL SYMBOLS: SORTED BY Symbol Address 

address    name
--------   ----
00000000   __TI_static_base__
00000000   g_pfnVectors
00000001   __TI_args_main
0000026d   main
00000565   UARTprintf
000007a5   SysCtlClockGet
00000800   __STACK_SIZE
0000097d   _FSin
00000afd   UARTStdioIntHandler
00000c59   fmodf
00000d7d   AppButtonHandler
00000e75   AppRainbow
00000f6d   GPIOPadConfigSet
00001035   _FDscale
000010f5   UARTStdioConfig
00001199   ustrtoul
0000123d   __aeabi_memcpy
0000123d   __aeabi_memcpy4
0000123d   __aeabi_memcpy8
0000123d   memcpy
000012d9   RGBInit
00001371   UARTwrite
00001405   __TI_auto_init
00001499   RGBEnable
00001525   RGBColorSet
00001625   __aeabi_cdcmpeq
00001625   __aeabi_cdcmple
000016a3   _FDnorm
00001721   AppHibernateEnter
00001799   SysTickIntHandler
00001811   CMD_oppai
00001881   ButtonsPoll
000018ed   ButtonsInit
0000194d   CmdLineProcess
00001a0d   SysCtlPeripheralEnable
00001a65   UARTgets
00001ab5   HibernateEnableExpClk
00001b01   RGBDisable
00001b4d   copy_in
00001b99   CMD_nadeko
00001be1   GPIOPinConfigure
00001c29   _c_int00
00001c71   UARTPeek
00001cb5   C$$EXIT
00001cb9   abort
00001cc1   exit
00001cf9   __aeabi_uidivmod
00001d3d   CMD_help
00001d7d   signal
00001dbd   CMD_intensity
00001df9   CMD_rgb
00001e35   HibernateWriteComplete
00001e6d   UARTFlushTx
00001ea5   __aeabi_f2d
00001edd   feraiseexcept
00001f11   _FDtest
00001f45   _Feraise
00001f75   GPIODirModeSet
00001fa3   raise
00001fd1   UARTFlushRx
00001ffd   HibernateDataSet
00002025   HibernateIntStatus
00002049   UARTStdioInit
00002069   HibernateDataGet
00002085   _register_unlock
0000208b   _register_lock
00002091   _nop
0000209d   _args_main
000020b5   strcmp
000020e1   HibernateGPIORetentionEnable
000020f5   HibernateIntClear
00002109   HibernateRTCEnable
0000211d   HibernateRequest
00002131   HibernateWakeSet
00002145   RGBIntensitySet
00002159   SysCtlResetCauseClear
0000216d   SysTickEnable
00002181   SysTickIntEnable
00002195   TimerDisable
000021a9   GPIOPinTypeGPIOInput
000021bb   GPIOPinTypeGPIOOutput
000021cd   GPIOPinTypeTimer
000021df   TimerMatchSet
000021f1   __TI_zero_init
00002205   CMD_rand
00002215   HibernateIsActive
00002225   HibernateRTCMatch0Set
00002235   HibernateRTCSet
00002245   SysTickPeriodSet
00002255   TimerEnable
00002263   __TI_decompress_none
00002271   CPUcpsie
0000227d   SysCtlResetCauseGet
00002289   CMD_hib
00002293   GPIOPinRead
0000229d   GPIOPinWrite
000022a7   IntMasterEnable
000022b1   ResetISR
000022b7   SysCtlDelay
000022bd   __TI_decompress_rle24
000022c3   sinf
00002604   __TI_Handler_Table_Base
00002610   __TI_Handler_Table_Limit
00002618   __TI_CINIT_Base
00002628   __TI_CINIT_Limit
20000000   __stack
20000800   __STACK_END
20000800   __STACK_TOP
20000d24   g_sAppState
20000e20   _FDenorm
20000e30   _FEps
20000e40   _FInf
20000e50   _FNan
20000e60   _FSnan
20000e70   _FRteps
20000e80   _FXbig
20000e84   _FZero
20000e88   g_sCmdTable
20000f1c   _lock
20000f20   _unlock
20000f24   _cleanup_ptr
20000f28   _dtors_ptr
20000f2c   _Fenv
20000f30   _Tls_setup__Fenv
20000f38   _Errno
20000f3c   main_func_sp
ffffffff   __binit__
ffffffff   __c_args__
ffffffff   binit
UNDEFED    SHT$$INIT_ARRAY$$Base
UNDEFED    SHT$$INIT_ARRAY$$Limit

[131 symbols]
