Optimizing Linkage Editor (V.10.00.01.000)        17-Nov-2012 01:05:56

*** Options ***

-subcommand=C:\Users\pnakach\Dropbox\基盤班\ABU2013\nakahara\NHK-2013\プログラム\WorkSpace\SH000\SH000\Debug\SH000.hlk
-noprelink
-rom=D=R
-nomessage
-list="C:\Users\pnakach\Dropbox\基盤班\ABU2013\nakahara\NHK-2013\プログラム\WorkSpace\SH000\SH000\Debug\SH000.map"
-nooptimize
-start=DVECTTBL,DINTTBL,PIntPRG/00,PResetPRG/02A00,P,C,C$BSEC,C$DSEC,D/04A00,B,R/0FFFFA000,S/0FFFFBC00
-nologo
-input="C:\Users\pnakach\Dropbox\基盤班\ABU2013\nakahara\NHK-2013\プログラム\WorkSpace\SH000\SH000\Debug\dbsct.obj"
-input="C:\Users\pnakach\Dropbox\基盤班\ABU2013\nakahara\NHK-2013\プログラム\WorkSpace\SH000\SH000\Debug\intprg.obj"
-input="C:\Users\pnakach\Dropbox\基盤班\ABU2013\nakahara\NHK-2013\プログラム\WorkSpace\SH000\SH000\Debug\resetprg.obj"
-input="C:\Users\pnakach\Dropbox\基盤班\ABU2013\nakahara\NHK-2013\プログラム\WorkSpace\SH000\SH000\Debug\sbrk.obj"
-input="C:\Users\pnakach\Dropbox\基盤班\ABU2013\nakahara\NHK-2013\プログラム\WorkSpace\SH000\SH000\Debug\sci7125.obj"
-input="C:\Users\pnakach\Dropbox\基盤班\ABU2013\nakahara\NHK-2013\プログラム\WorkSpace\SH000\SH000\Debug\sci_mod.obj"
-input="C:\Users\pnakach\Dropbox\基盤班\ABU2013\nakahara\NHK-2013\プログラム\WorkSpace\SH000\SH000\Debug\SH000.obj"
-input="C:\Users\pnakach\Dropbox\基盤班\ABU2013\nakahara\NHK-2013\プログラム\WorkSpace\SH000\SH000\Debug\vecttbl.obj"
-library="C:\Users\pnakach\Dropbox\基盤班\ABU2013\nakahara\NHK-2013\プログラム\WorkSpace\SH000\SH000\Debug\SH000.lib"
-output="C:\Users\pnakach\Dropbox\基盤班\ABU2013\nakahara\NHK-2013\プログラム\WorkSpace\SH000\SH000\Debug\SH000.abs"
-end

*** Error information ***

** L2300 (E) Duplicate symbol "_SCI_printf" in "C:\Users\pnakach\Dropbox\基盤班\ABU2013\nakahara\NHK-2013\プログラム\WorkSpace\SH000\SH000\Debug\intprg.obj"
